// Jest Snapshot v1, https://goo.gl/fbAQLP

exports[`Pruebas Component <FirstApp/> debe de hacer match con el snapshot 1`] = `
<div>
  <h1
    data-testid="test-title"
  >
    Hola, soy Neider Herández
  </h1>
  <p>
     
    Neider Hernández
     
  </p>
  <p>
     
    Software Engineer
     
  </p>
  <p>
     
    Software Engineer
     
  </p>
</div>
`;
